
Memory Configuration

Name             Origin             Length             Attributes
*default*        0x0000000000000000 0xffffffffffffffff

Linker script and memory map

LOAD C:\cygwin64\tmp\ccgujD7L.o
LOAD C:\cygwin64\tmp\ccX7veNK.o
LOAD C:\cygwin64\tmp\ccMlNJOM.o
LOAD C:\cygwin64\tmp\cc3xy4wQ.o
LOAD C:\cygwin64\tmp\cc0vJJS0.o
                0x0000000010000000                . = 0x10000000

.text           0x0000000010000000      0x4f8
 *(.start)
 .start         0x0000000010000000        0xc C:\cygwin64\tmp\ccX7veNK.o
                0x0000000010000000                _start
 *(.text)
 .text          0x000000001000000c        0x0 C:\cygwin64\tmp\ccgujD7L.o
 .text          0x000000001000000c        0x0 C:\cygwin64\tmp\ccX7veNK.o
 .text          0x000000001000000c      0x3d8 C:\cygwin64\tmp\ccMlNJOM.o
                0x000000001000000c                ascii_dec_to_uint8
                0x0000000010000054                ascii_dec_to_uint16
                0x00000000100000a0                ascii_dec_to_uint32
                0x00000000100000e4                ascii_hex_to_uint8
                0x0000000010000168                ascii_hex_to_uint16
                0x00000000100001f8                ascii_hex_to_uint32
                0x0000000010000278                uint8_to_ascii_hex
                0x00000000100002f4                uint16_to_ascii_hex
                0x0000000010000368                uint32_to_ascii_hex
 .text          0x00000000100003e4       0x64 C:\cygwin64\tmp\cc3xy4wQ.o
                0x00000000100003e4                strcmp
                0x0000000010000420                strlen
 .text          0x0000000010000448       0xb0 C:\cygwin64\tmp\cc0vJJS0.o
                0x0000000010000448                uwrite_int8
                0x0000000010000460                uwrite_int8s
                0x0000000010000490                uread_int8
OUTPUT(print.elf elf32-littleriscv)

.text.startup   0x00000000100004f8       0x54
 .text.startup  0x00000000100004f8       0x54 C:\cygwin64\tmp\ccgujD7L.o
                0x00000000100004f8                main

.rodata.str1.4  0x000000001000054c       0x19
 .rodata.str1.4
                0x000000001000054c       0x19 C:\cygwin64\tmp\ccgujD7L.o
 .rodata.str1.4
                0x0000000010000565       0x19 C:\cygwin64\tmp\cc0vJJS0.o
                                          0x3 (size before relaxing)

.data           0x0000000010000565        0x0
 .data          0x0000000010000565        0x0 C:\cygwin64\tmp\ccgujD7L.o
 .data          0x0000000010000565        0x0 C:\cygwin64\tmp\ccX7veNK.o
 .data          0x0000000010000565        0x0 C:\cygwin64\tmp\ccMlNJOM.o
 .data          0x0000000010000565        0x0 C:\cygwin64\tmp\cc3xy4wQ.o
 .data          0x0000000010000565        0x0 C:\cygwin64\tmp\cc0vJJS0.o

.bss            0x0000000010000565        0x0
 .bss           0x0000000010000565        0x0 C:\cygwin64\tmp\ccgujD7L.o
 .bss           0x0000000010000565        0x0 C:\cygwin64\tmp\ccX7veNK.o
 .bss           0x0000000010000565        0x0 C:\cygwin64\tmp\ccMlNJOM.o
 .bss           0x0000000010000565        0x0 C:\cygwin64\tmp\cc3xy4wQ.o
 .bss           0x0000000010000565        0x0 C:\cygwin64\tmp\cc0vJJS0.o

.comment        0x0000000000000000       0x30
 .comment       0x0000000000000000       0x30 C:\cygwin64\tmp\ccgujD7L.o
                                         0x31 (size before relaxing)
 .comment       0x0000000000000030       0x31 C:\cygwin64\tmp\ccMlNJOM.o
 .comment       0x0000000000000030       0x31 C:\cygwin64\tmp\cc3xy4wQ.o
 .comment       0x0000000000000030       0x31 C:\cygwin64\tmp\cc0vJJS0.o

.riscv.attributes
                0x0000000000000000       0x1c
 .riscv.attributes
                0x0000000000000000       0x1c C:\cygwin64\tmp\ccgujD7L.o
 .riscv.attributes
                0x000000000000001c       0x1a C:\cygwin64\tmp\ccX7veNK.o
 .riscv.attributes
                0x0000000000000036       0x1c C:\cygwin64\tmp\ccMlNJOM.o
 .riscv.attributes
                0x0000000000000052       0x1c C:\cygwin64\tmp\cc3xy4wQ.o
 .riscv.attributes
                0x000000000000006e       0x1c C:\cygwin64\tmp\cc0vJJS0.o
