
Memory Configuration

Name             Origin             Length             Attributes
*default*        0x0000000000000000 0xffffffffffffffff

Linker script and memory map

LOAD C:\cygwin64\tmp\ccNg9ZaL.o
LOAD C:\cygwin64\tmp\ccvxFgDe.o
LOAD C:\cygwin64\tmp\cchY1hFY.o
LOAD C:\cygwin64\tmp\ccnbYNqS.o
LOAD C:\cygwin64\tmp\ccDZugTP.o
                0x0000000010000000                . = 0x10000000

.text           0x0000000010000000      0x504
 *(.start)
 .start         0x0000000010000000        0xc C:\cygwin64\tmp\ccvxFgDe.o
                0x0000000010000000                _start
 *(.text)
 .text          0x000000001000000c        0xc C:\cygwin64\tmp\ccNg9ZaL.o
                0x000000001000000c                assert_equals
 .text          0x0000000010000018        0x0 C:\cygwin64\tmp\ccvxFgDe.o
 .text          0x0000000010000018      0x3d8 C:\cygwin64\tmp\cchY1hFY.o
                0x0000000010000018                ascii_dec_to_uint8
                0x0000000010000060                ascii_dec_to_uint16
                0x00000000100000ac                ascii_dec_to_uint32
                0x00000000100000f0                ascii_hex_to_uint8
                0x0000000010000174                ascii_hex_to_uint16
                0x0000000010000204                ascii_hex_to_uint32
                0x0000000010000284                uint8_to_ascii_hex
                0x0000000010000300                uint16_to_ascii_hex
                0x0000000010000374                uint32_to_ascii_hex
 .text          0x00000000100003f0       0x64 C:\cygwin64\tmp\ccnbYNqS.o
                0x00000000100003f0                strcmp
                0x000000001000042c                strlen
 .text          0x0000000010000454       0xb0 C:\cygwin64\tmp\ccDZugTP.o
                0x0000000010000454                uwrite_int8
                0x000000001000046c                uwrite_int8s
                0x000000001000049c                uread_int8
OUTPUT(fib.elf elf32-littleriscv)

.text.startup   0x0000000010000504       0x7c
 .text.startup  0x0000000010000504       0x7c C:\cygwin64\tmp\ccNg9ZaL.o
                0x0000000010000504                main

.rodata.str1.4  0x0000000010000580        0x3
 .rodata.str1.4
                0x0000000010000580        0x3 C:\cygwin64\tmp\ccDZugTP.o

.data           0x0000000010000583        0x0
 .data          0x0000000010000583        0x0 C:\cygwin64\tmp\ccNg9ZaL.o
 .data          0x0000000010000583        0x0 C:\cygwin64\tmp\ccvxFgDe.o
 .data          0x0000000010000583        0x0 C:\cygwin64\tmp\cchY1hFY.o
 .data          0x0000000010000583        0x0 C:\cygwin64\tmp\ccnbYNqS.o
 .data          0x0000000010000583        0x0 C:\cygwin64\tmp\ccDZugTP.o

.bss            0x0000000010000584      0x258
 .bss           0x0000000010000584      0x258 C:\cygwin64\tmp\ccNg9ZaL.o
                0x0000000010000584                x
 .bss           0x00000000100007dc        0x0 C:\cygwin64\tmp\ccvxFgDe.o
 .bss           0x00000000100007dc        0x0 C:\cygwin64\tmp\cchY1hFY.o
 .bss           0x00000000100007dc        0x0 C:\cygwin64\tmp\ccnbYNqS.o
 .bss           0x00000000100007dc        0x0 C:\cygwin64\tmp\ccDZugTP.o

.comment        0x0000000000000000       0x30
 .comment       0x0000000000000000       0x30 C:\cygwin64\tmp\ccNg9ZaL.o
                                         0x31 (size before relaxing)
 .comment       0x0000000000000030       0x31 C:\cygwin64\tmp\cchY1hFY.o
 .comment       0x0000000000000030       0x31 C:\cygwin64\tmp\ccnbYNqS.o
 .comment       0x0000000000000030       0x31 C:\cygwin64\tmp\ccDZugTP.o

.riscv.attributes
                0x0000000000000000       0x20
 .riscv.attributes
                0x0000000000000000       0x20 C:\cygwin64\tmp\ccNg9ZaL.o
 .riscv.attributes
                0x0000000000000020       0x1a C:\cygwin64\tmp\ccvxFgDe.o
 .riscv.attributes
                0x000000000000003a       0x1c C:\cygwin64\tmp\cchY1hFY.o
 .riscv.attributes
                0x0000000000000056       0x1c C:\cygwin64\tmp\ccnbYNqS.o
 .riscv.attributes
                0x0000000000000072       0x1c C:\cygwin64\tmp\ccDZugTP.o
