
Memory Configuration

Name             Origin             Length             Attributes
*default*        0x0000000000000000 0xffffffffffffffff

Linker script and memory map

LOAD C:\cygwin64\tmp\cce5pIYF.o
LOAD C:\cygwin64\tmp\ccnWq033.o
LOAD C:\cygwin64\tmp\ccmYT0Ir.o
LOAD C:\cygwin64\tmp\ccd8COAS.o
LOAD C:\cygwin64\tmp\cccWE8Ml.o
LOAD C:\cygwin64\tmp\cc52ZQLQ.o
                0x0000000040000000                . = 0x40000000

.text           0x0000000040000000     0x13e8
 *(.start)
 .start         0x0000000040000000        0xc C:\cygwin64\tmp\ccmYT0Ir.o
                0x0000000040000000                _start
 *(.text)
 .text          0x000000004000000c      0x75c C:\cygwin64\tmp\cce5pIYF.o
                0x000000004000000c                read_n
                0x000000004000008c                read_token
                0x00000000400001b8                store
                0x0000000040000248                main
 .text          0x0000000040000768       0xc8 C:\cygwin64\tmp\ccnWq033.o
                0x0000000040000768                fill_int8v
                0x00000000400007cc                fill_uint8v
 .text          0x0000000040000830        0x0 C:\cygwin64\tmp\ccmYT0Ir.o
 .text          0x0000000040000830       0xcc C:\cygwin64\tmp\ccd8COAS.o
                0x0000000040000830                strcmp
                0x00000000400008b0                strlen
 .text          0x00000000400008fc      0x128 C:\cygwin64\tmp\cccWE8Ml.o
                0x00000000400008fc                uwrite_int8
                0x0000000040000944                uwrite_int8s
                0x00000000400009b0                uread_int8
 .text          0x0000000040000a24      0x9c4 C:\cygwin64\tmp\cc52ZQLQ.o
                0x0000000040000a24                ascii_dec_to_uint8
                0x0000000040000af0                ascii_dec_to_uint16
                0x0000000040000bd4                ascii_dec_to_uint32
                0x0000000040000c90                ascii_hex_to_uint8
                0x0000000040000e00                ascii_hex_to_uint16
                0x0000000040000fa0                ascii_hex_to_uint32
                0x00000000400010f8                uint8_to_ascii_hex
                0x00000000400011f4                uint16_to_ascii_hex
                0x00000000400012f0                uint32_to_ascii_hex
OUTPUT(bios151v3.elf elf32-littleriscv)

.rodata         0x00000000400013e8       0x5f
 .rodata        0x00000000400013e8       0x5b C:\cygwin64\tmp\cce5pIYF.o
 *fill*         0x0000000040001443        0x1 
 .rodata        0x0000000040001444        0x3 C:\cygwin64\tmp\cccWE8Ml.o

.data           0x0000000040001447        0x0
 .data          0x0000000040001447        0x0 C:\cygwin64\tmp\cce5pIYF.o
 .data          0x0000000040001447        0x0 C:\cygwin64\tmp\ccnWq033.o
 .data          0x0000000040001447        0x0 C:\cygwin64\tmp\ccmYT0Ir.o
 .data          0x0000000040001447        0x0 C:\cygwin64\tmp\ccd8COAS.o
 .data          0x0000000040001447        0x0 C:\cygwin64\tmp\cccWE8Ml.o
 .data          0x0000000040001447        0x0 C:\cygwin64\tmp\cc52ZQLQ.o

.bss            0x0000000040001447        0x0
 .bss           0x0000000040001447        0x0 C:\cygwin64\tmp\cce5pIYF.o
 .bss           0x0000000040001447        0x0 C:\cygwin64\tmp\ccnWq033.o
 .bss           0x0000000040001447        0x0 C:\cygwin64\tmp\ccmYT0Ir.o
 .bss           0x0000000040001447        0x0 C:\cygwin64\tmp\ccd8COAS.o
 .bss           0x0000000040001447        0x0 C:\cygwin64\tmp\cccWE8Ml.o
 .bss           0x0000000040001447        0x0 C:\cygwin64\tmp\cc52ZQLQ.o

.comment        0x0000000000000000       0x30
 .comment       0x0000000000000000       0x30 C:\cygwin64\tmp\cce5pIYF.o
                                         0x31 (size before relaxing)
 .comment       0x0000000000000030       0x31 C:\cygwin64\tmp\ccnWq033.o
 .comment       0x0000000000000030       0x31 C:\cygwin64\tmp\ccd8COAS.o
 .comment       0x0000000000000030       0x31 C:\cygwin64\tmp\cccWE8Ml.o
 .comment       0x0000000000000030       0x31 C:\cygwin64\tmp\cc52ZQLQ.o

.riscv.attributes
                0x0000000000000000       0x1c
 .riscv.attributes
                0x0000000000000000       0x1c C:\cygwin64\tmp\cce5pIYF.o
 .riscv.attributes
                0x000000000000001c       0x1c C:\cygwin64\tmp\ccnWq033.o
 .riscv.attributes
                0x0000000000000038       0x1a C:\cygwin64\tmp\ccmYT0Ir.o
 .riscv.attributes
                0x0000000000000052       0x1c C:\cygwin64\tmp\ccd8COAS.o
 .riscv.attributes
                0x000000000000006e       0x1c C:\cygwin64\tmp\cccWE8Ml.o
 .riscv.attributes
                0x000000000000008a       0x1c C:\cygwin64\tmp\cc52ZQLQ.o
