
Memory Configuration

Name             Origin             Length             Attributes
*default*        0x0000000000000000 0xffffffffffffffff

Linker script and memory map

LOAD C:\cygwin64\tmp\ccwcSKca.o
LOAD C:\cygwin64\tmp\ccHH1aLU.o
LOAD C:\cygwin64\tmp\ccCuQByM.o
LOAD C:\cygwin64\tmp\cc5mjW4E.o
LOAD C:\cygwin64\tmp\ccK9lEOz.o
                0x0000000010000000                . = 0x10000000

.text           0x0000000010000000      0x4f8
 *(.start)
 .start         0x0000000010000000        0xc C:\cygwin64\tmp\ccHH1aLU.o
                0x0000000010000000                _start
 *(.text)
 .text          0x000000001000000c        0x0 C:\cygwin64\tmp\ccwcSKca.o
 .text          0x000000001000000c        0x0 C:\cygwin64\tmp\ccHH1aLU.o
 .text          0x000000001000000c      0x3d8 C:\cygwin64\tmp\ccCuQByM.o
                0x000000001000000c                ascii_dec_to_uint8
                0x0000000010000054                ascii_dec_to_uint16
                0x00000000100000a0                ascii_dec_to_uint32
                0x00000000100000e4                ascii_hex_to_uint8
                0x0000000010000168                ascii_hex_to_uint16
                0x00000000100001f8                ascii_hex_to_uint32
                0x0000000010000278                uint8_to_ascii_hex
                0x00000000100002f4                uint16_to_ascii_hex
                0x0000000010000368                uint32_to_ascii_hex
 .text          0x00000000100003e4       0x64 C:\cygwin64\tmp\cc5mjW4E.o
                0x00000000100003e4                strcmp
                0x0000000010000420                strlen
 .text          0x0000000010000448       0xb0 C:\cygwin64\tmp\ccK9lEOz.o
                0x0000000010000448                uwrite_int8
                0x0000000010000460                uwrite_int8s
                0x0000000010000490                uread_int8
OUTPUT(axi_test.elf elf32-littleriscv)

.text.startup   0x00000000100004f8       0xdc
 .text.startup  0x00000000100004f8       0xdc C:\cygwin64\tmp\ccwcSKca.o
                0x00000000100004f8                main

.rodata.str1.4  0x00000000100005d4        0x3
 .rodata.str1.4
                0x00000000100005d4        0x3 C:\cygwin64\tmp\ccK9lEOz.o

.data           0x00000000100005d7        0x0
 .data          0x00000000100005d7        0x0 C:\cygwin64\tmp\ccwcSKca.o
 .data          0x00000000100005d7        0x0 C:\cygwin64\tmp\ccHH1aLU.o
 .data          0x00000000100005d7        0x0 C:\cygwin64\tmp\ccCuQByM.o
 .data          0x00000000100005d7        0x0 C:\cygwin64\tmp\cc5mjW4E.o
 .data          0x00000000100005d7        0x0 C:\cygwin64\tmp\ccK9lEOz.o

.bss            0x00000000100005d8      0x100
 .bss           0x00000000100005d8      0x100 C:\cygwin64\tmp\ccwcSKca.o
 .bss           0x00000000100006d8        0x0 C:\cygwin64\tmp\ccHH1aLU.o
 .bss           0x00000000100006d8        0x0 C:\cygwin64\tmp\ccCuQByM.o
 .bss           0x00000000100006d8        0x0 C:\cygwin64\tmp\cc5mjW4E.o
 .bss           0x00000000100006d8        0x0 C:\cygwin64\tmp\ccK9lEOz.o

.comment        0x0000000000000000       0x30
 .comment       0x0000000000000000       0x30 C:\cygwin64\tmp\ccwcSKca.o
                                         0x31 (size before relaxing)
 .comment       0x0000000000000030       0x31 C:\cygwin64\tmp\ccCuQByM.o
 .comment       0x0000000000000030       0x31 C:\cygwin64\tmp\cc5mjW4E.o
 .comment       0x0000000000000030       0x31 C:\cygwin64\tmp\ccK9lEOz.o

.riscv.attributes
                0x0000000000000000       0x20
 .riscv.attributes
                0x0000000000000000       0x20 C:\cygwin64\tmp\ccwcSKca.o
 .riscv.attributes
                0x0000000000000020       0x1a C:\cygwin64\tmp\ccHH1aLU.o
 .riscv.attributes
                0x000000000000003a       0x1c C:\cygwin64\tmp\ccCuQByM.o
 .riscv.attributes
                0x0000000000000056       0x1c C:\cygwin64\tmp\cc5mjW4E.o
 .riscv.attributes
                0x0000000000000072       0x1c C:\cygwin64\tmp\ccK9lEOz.o
