
Memory Configuration

Name             Origin             Length             Attributes
*default*        0x0000000000000000 0xffffffffffffffff

Linker script and memory map

LOAD C:\cygwin64\tmp\cc11yHfm.o
LOAD C:\cygwin64\tmp\ccVjkzzx.o
LOAD C:\cygwin64\tmp\cclejCOP.o
LOAD C:\cygwin64\tmp\ccNd6x39.o
LOAD C:\cygwin64\tmp\cczluXpv.o
                0x0000000010000000                . = 0x10000000

.text           0x0000000010000000      0x4f8
 *(.start)
 .start         0x0000000010000000        0xc C:\cygwin64\tmp\ccVjkzzx.o
                0x0000000010000000                _start
 *(.text)
 .text          0x000000001000000c        0x0 C:\cygwin64\tmp\cc11yHfm.o
 .text          0x000000001000000c        0x0 C:\cygwin64\tmp\ccVjkzzx.o
 .text          0x000000001000000c      0x3d8 C:\cygwin64\tmp\cclejCOP.o
                0x000000001000000c                ascii_dec_to_uint8
                0x0000000010000054                ascii_dec_to_uint16
                0x00000000100000a0                ascii_dec_to_uint32
                0x00000000100000e4                ascii_hex_to_uint8
                0x0000000010000168                ascii_hex_to_uint16
                0x00000000100001f8                ascii_hex_to_uint32
                0x0000000010000278                uint8_to_ascii_hex
                0x00000000100002f4                uint16_to_ascii_hex
                0x0000000010000368                uint32_to_ascii_hex
 .text          0x00000000100003e4       0x64 C:\cygwin64\tmp\ccNd6x39.o
                0x00000000100003e4                strcmp
                0x0000000010000420                strlen
 .text          0x0000000010000448       0xb0 C:\cygwin64\tmp\cczluXpv.o
                0x0000000010000448                uwrite_int8
                0x0000000010000460                uwrite_int8s
                0x0000000010000490                uread_int8
OUTPUT(strcmp.elf elf32-littleriscv)

.text.startup   0x00000000100004f8       0x68
 .text.startup  0x00000000100004f8       0x68 C:\cygwin64\tmp\cc11yHfm.o
                0x00000000100004f8                main

.rodata.str1.4  0x0000000010000560        0xf
 .rodata.str1.4
                0x0000000010000560        0xa C:\cygwin64\tmp\cc11yHfm.o
 *fill*         0x000000001000056a        0x2 
 .rodata.str1.4
                0x000000001000056c        0x3 C:\cygwin64\tmp\cczluXpv.o

.data           0x000000001000056f        0x0
 .data          0x000000001000056f        0x0 C:\cygwin64\tmp\cc11yHfm.o
 .data          0x000000001000056f        0x0 C:\cygwin64\tmp\ccVjkzzx.o
 .data          0x000000001000056f        0x0 C:\cygwin64\tmp\cclejCOP.o
 .data          0x000000001000056f        0x0 C:\cygwin64\tmp\ccNd6x39.o
 .data          0x000000001000056f        0x0 C:\cygwin64\tmp\cczluXpv.o

.bss            0x000000001000056f        0x0
 .bss           0x000000001000056f        0x0 C:\cygwin64\tmp\cc11yHfm.o
 .bss           0x000000001000056f        0x0 C:\cygwin64\tmp\ccVjkzzx.o
 .bss           0x000000001000056f        0x0 C:\cygwin64\tmp\cclejCOP.o
 .bss           0x000000001000056f        0x0 C:\cygwin64\tmp\ccNd6x39.o
 .bss           0x000000001000056f        0x0 C:\cygwin64\tmp\cczluXpv.o

.comment        0x0000000000000000       0x30
 .comment       0x0000000000000000       0x30 C:\cygwin64\tmp\cc11yHfm.o
                                         0x31 (size before relaxing)
 .comment       0x0000000000000030       0x31 C:\cygwin64\tmp\cclejCOP.o
 .comment       0x0000000000000030       0x31 C:\cygwin64\tmp\ccNd6x39.o
 .comment       0x0000000000000030       0x31 C:\cygwin64\tmp\cczluXpv.o

.riscv.attributes
                0x0000000000000000       0x20
 .riscv.attributes
                0x0000000000000000       0x20 C:\cygwin64\tmp\cc11yHfm.o
 .riscv.attributes
                0x0000000000000020       0x1a C:\cygwin64\tmp\ccVjkzzx.o
 .riscv.attributes
                0x000000000000003a       0x1c C:\cygwin64\tmp\cclejCOP.o
 .riscv.attributes
                0x0000000000000056       0x1c C:\cygwin64\tmp\ccNd6x39.o
 .riscv.attributes
                0x0000000000000072       0x1c C:\cygwin64\tmp\cczluXpv.o
